// Jest Snapshot v1, https://goo.gl/fbAQLP

exports[`configure-percy should generate cypress.config.ts 1`] = `
"import { defineConfig } from 'cypress';
import { skyE2ePreset } from '@skyux-sdk/e2e-schematics/cypress-preset';

export default defineConfig({
  e2e: {
    ...skyE2ePreset(__dirname),
  },
  // Please ensure you use \`cy.origin()\` when navigating between domains and remove this option.
  // See https://docs.cypress.io/app/references/migration-guide#Changes-to-cyorigin
  injectDocumentDomain: true,
});
"
`;
