// Jest Snapshot v1, https://jestjs.io/docs/snapshot-testing

exports[`configure-percy should generate cypress.config.ts 1`] = `
"import { defineConfig } from 'cypress';
import { skyE2ePreset } from '@skyux-sdk/e2e-schematics/cypress-preset';

export default defineConfig({
  e2e: {
    ...skyE2ePreset(__dirname),
  },
});
"
`;
