// Jest Snapshot v1, https://jestjs.io/docs/snapshot-testing

exports[`story generator should run successfully 1`] = `
"import type { Meta, StoryObj } from '@storybook/angular';

import { ExampleComponent } from './example.component';

export default {
  id: 'examplecomponent',
  title: 'Components/Example',
  component: ExampleComponent,
} as Meta<ExampleComponent>;
type Story = StoryObj<ExampleComponent>;
export const Example: Story = {};
Example.args = {};
"
`;

exports[`story generator should run successfully with sub directory 1`] = `
"import type { Meta, StoryObj } from '@storybook/angular';

import { SubExampleComponent } from './sub-example.component';

export default {
  id: 'sub-examplecomponent',
  title: 'Components/Sub Example',
  component: SubExampleComponent,
} as Meta<SubExampleComponent>;
type Story = StoryObj<SubExampleComponent>;
export const SubExample: Story = {};
SubExample.args = {};
"
`;

exports[`story generator should run successfully, when not including tests 1`] = `
"import type { Meta, StoryObj } from '@storybook/angular';

import { SubExampleComponent } from './sub-example.component';

export default {
  id: 'sub-examplecomponent',
  title: 'Components/Sub Example',
  component: SubExampleComponent,
} as Meta<SubExampleComponent>;
type Story = StoryObj<SubExampleComponent>;
export const SubExample: Story = {};
SubExample.args = {};
"
`;

exports[`story generator should run successfully, when not including tests 2`] = `
"import { CommonModule } from '@angular/common';
import { Component } from '@angular/core';

@Component({
  imports: [CommonModule],
  selector: 'app-sub-example',
  templateUrl: './sub-example.component.html',
  styleUrls: ['./sub-example.component.scss'],
})
export class SubExampleComponent {}
"
`;

exports[`story generator should run successfully, when not including tests 3`] = `
"import { NgModule } from '@angular/core';
import { CommonModule } from '@angular/common';

import { TestRouterRoutingModule } from './test-router-routing.module';

@NgModule({
  declarations: [],
  imports: [CommonModule, TestRouterRoutingModule],
})
export class TestRouterModule {}
"
`;

exports[`story generator should use -storybook project 1`] = `
"import type { Meta, StoryObj } from '@storybook/angular';

import { ExampleComponent } from './example.component';

export default {
  id: 'examplecomponent',
  title: 'Components/Example',
  component: ExampleComponent,
} as Meta<ExampleComponent>;
type Story = StoryObj<ExampleComponent>;
export const Example: Story = {};
Example.args = {};
"
`;

exports[`story generator should use -storybook project 2`] = `
"import { E2eVariations } from '@skyux-sdk/e2e-schematics';

describe('example', () => {
  E2eVariations.forEachTheme((theme) => {
    describe(\`in \${theme} theme\`, () => {
      beforeEach(() =>
        cy.visit(
          \`/iframe.html?globals=theme:\${theme}&id=examplecomponent--example\`,
        ),
      );

      it('should render the component', () => {
        cy.get('app-example')
          .should('exist')
          .should('be.visible')
          .screenshot(\`example-\${theme}\`);
        cy.percySnapshot(\`example-\${theme}\`, {
          widths: E2eVariations.DISPLAY_WIDTHS,
        });
      });
    });
  });
});
"
`;
