// Jest Snapshot v1, https://goo.gl/fbAQLP

exports[`find-module should find module 1`] = `
Array [
  ".prettierrc",
  "package.json",
  "nx.json",
  "tsconfig.base.json",
  "apps/.gitignore",
  "libs/.gitignore",
  ".prettierignore",
  "jest.preset.js",
  "jest.config.ts",
  "apps/test/project.json",
  "apps/test/src/assets/.gitkeep",
  "apps/test/src/favicon.ico",
  "apps/test/src/index.html",
  "apps/test/src/styles.css",
  "apps/test/tsconfig.app.json",
  "apps/test/tsconfig.editor.json",
  "apps/test/tsconfig.json",
  "apps/test/src/app/app.component.css",
  "apps/test/src/app/app.component.html",
  "apps/test/src/app/app.component.spec.ts",
  "apps/test/src/app/app.component.ts",
  "apps/test/src/app/app.module.ts",
  "apps/test/src/app/nx-welcome.component.ts",
  "apps/test/src/main.ts",
  ".eslintrc.json",
  ".eslintignore",
  "apps/test/.eslintrc.json",
  "apps/test/jest.config.ts",
  "apps/test/src/test-setup.ts",
  "apps/test/tsconfig.spec.json",
  "apps/test-e2e/cypress.config.ts",
  "apps/test-e2e/src/e2e/app.cy.ts",
  "apps/test-e2e/src/fixtures/example.json",
  "apps/test-e2e/src/support/app.po.ts",
  "apps/test-e2e/src/support/commands.ts",
  "apps/test-e2e/src/support/e2e.ts",
  "apps/test-e2e/tsconfig.json",
  "apps/test-e2e/project.json",
  "apps/test-e2e/.eslintrc.json",
  "apps/test/src/app/test/test.module.ts",
  "apps/test/src/app/test/test.component.css",
  "apps/test/src/app/test/test.component.html",
  "apps/test/src/app/test/test.component.spec.ts",
  "apps/test/src/app/test/test.component.ts",
]
`;

exports[`find-module should find module 2`] = `
"import { NgModule } from '@angular/core';
import { CommonModule } from '@angular/common';
import { TestComponent } from './test.component';



@NgModule({
  declarations: [
    TestComponent
  ],
  imports: [
    CommonModule
  ]
})
export class TestModule { }
"
`;
