// Jest Snapshot v1, https://goo.gl/fbAQLP

exports[`get-documentation-group should return information about a documentation group 1`] = `
Object {
  "codeExamples": Array [
    Object {
      "files": Object {
        "foo.component.html": "HTML_CONTENTS",
        "foo.component.ts": "TS_CONTENTS",
      },
      "primaryFile": "foo.component.ts",
    },
  ],
  "publicApi": Array [
    Object {
      "docsId": "FooComponent",
      "name": "FooComponent",
      "packageName": "@skyux/core",
    },
    Object {
      "docsId": "IndicatorComponent",
      "name": "IndicatorComponent",
      "packageName": "@skyux/indicators",
    },
    Object {
      "docsId": "FooCodeExample",
      "extraTags": Object {
        "title": "This is my title",
      },
      "name": "FooCodeExample",
      "packageName": "@skyux/core",
    },
  ],
  "testing": Array [
    Object {
      "docsId": "FooHarness",
      "name": "FooHarness",
      "packageName": "@skyux/core/testing",
    },
  ],
}
`;
