// Jest Snapshot v1, https://goo.gl/fbAQLP

exports[`stories generator should generate folder path 1`] = `
"import { AppModule } from '../../../app.module';
import { moduleMetadata, Story, Meta } from '@storybook/angular';
import { NestedComponent } from './nested.component';
export default {
    id: \\"nestedcomponent-nested\\",
    title: \\"Components/To/Nested\\",
    component: NestedComponent,
    decorators: [
        moduleMetadata({
            imports: [AppModule],
        })
    ]
} as Meta<NestedComponent>;
const Template: Story<NestedComponent> = (args: NestedComponent) => ({
    props: args,
});
export const Nested = Template.bind({});
Nested.args = {};
"
`;

exports[`stories generator should generate folder path 2`] = `
"['default', 'modern-light', 'modern-dark'].forEach((theme) => {
  describe(\`test in \${theme} theme\`, () => {
    beforeEach(() => cy.visit(\`/iframe.html?globals=theme:\${theme}&id=nestedcomponent-nested--nested\`));
    it('should render the component', () => {
      cy.get('proj-nested').should('exist')
        .should('be.visible')
        .screenshot(\`nestedcomponent-nested--nested-\${theme}\`)
        .percySnapshot(\`nestedcomponent-nested--nested-\${theme}\`);
    });
  });
});"
`;

exports[`stories generator should run successfully 1`] = `
"import { AppModule } from './app.module';
import { moduleMetadata, Story, Meta } from '@storybook/angular';
import { NxWelcomeComponent } from './nx-welcome.component';
export default {
    id: \\"nxwelcomecomponent-nxwelcome\\",
    title: \\"Components/Nx Welcome\\",
    component: NxWelcomeComponent,
    decorators: [
        moduleMetadata({
            imports: [AppModule],
        })
    ]
} as Meta<NxWelcomeComponent>;
const Template: Story<NxWelcomeComponent> = (args: NxWelcomeComponent) => ({
    props: args,
});
export const NxWelcome = Template.bind({});
NxWelcome.args = {};
"
`;

exports[`stories generator should use -storybook project 1`] = `
"import { AppModule } from './app.module';
import { moduleMetadata, Story, Meta } from '@storybook/angular';
import { NxWelcomeComponent } from './nx-welcome.component';
export default {
    id: \\"nxwelcomecomponent-nxwelcome\\",
    title: \\"Components/Nx Welcome\\",
    component: NxWelcomeComponent,
    decorators: [
        moduleMetadata({
            imports: [AppModule],
        })
    ]
} as Meta<NxWelcomeComponent>;
const Template: Story<NxWelcomeComponent> = (args: NxWelcomeComponent) => ({
    props: args,
});
export const NxWelcome = Template.bind({});
NxWelcome.args = {};
"
`;

exports[`stories generator should use -storybook project 2`] = `
"['default', 'modern-light', 'modern-dark'].forEach((theme) => {
  describe(\`test-storybook in \${theme} theme\`, () => {
    beforeEach(() => cy.visit(\`/iframe.html?globals=theme:\${theme}&id=nxwelcomecomponent-nxwelcome--nx-welcome\`));
    it('should render the component', () => {
      cy.get('proj-nx-welcome').should('exist')
        .should('be.visible')
        .screenshot(\`nxwelcomecomponent-nxwelcome--nx-welcome-\${theme}\`)
        .percySnapshot(\`nxwelcomecomponent-nxwelcome--nx-welcome-\${theme}\`);
    });
  });
});"
`;
